src/services/location-service.ts(96,13): error TS7022: 'loc' implicitly has type 'any' because it does not have a type annotation and is referenced directly or indirectly in its own initializer.
